Archive member included because of file (symbol)

/usr/local/Cellar/gcc-arm-none-eabi-48/20140805/bin/../lib/gcc/arm-none-eabi/4.8.4/../../../../arm-none-eabi/lib/armv6-m/libc_s.a(lib_a-exit.o)
                              /usr/local/Cellar/gcc-arm-none-eabi-48/20140805/bin/../lib/gcc/arm-none-eabi/4.8.4/../../../../arm-none-eabi/lib/armv6-m/crt0.o (exit)
/usr/local/Cellar/gcc-arm-none-eabi-48/20140805/bin/../lib/gcc/arm-none-eabi/4.8.4/../../../../arm-none-eabi/lib/armv6-m/libc_s.a(lib_a-impure.o)
                              /usr/local/Cellar/gcc-arm-none-eabi-48/20140805/bin/../lib/gcc/arm-none-eabi/4.8.4/../../../../arm-none-eabi/lib/armv6-m/libc_s.a(lib_a-exit.o) (_global_impure_ptr)
/usr/local/Cellar/gcc-arm-none-eabi-48/20140805/bin/../lib/gcc/arm-none-eabi/4.8.4/../../../../arm-none-eabi/lib/armv6-m/libc_s.a(lib_a-init.o)
                              /usr/local/Cellar/gcc-arm-none-eabi-48/20140805/bin/../lib/gcc/arm-none-eabi/4.8.4/../../../../arm-none-eabi/lib/armv6-m/crt0.o (__libc_init_array)
/usr/local/Cellar/gcc-arm-none-eabi-48/20140805/bin/../lib/gcc/arm-none-eabi/4.8.4/../../../../arm-none-eabi/lib/armv6-m/libc_s.a(lib_a-memset.o)
                              /usr/local/Cellar/gcc-arm-none-eabi-48/20140805/bin/../lib/gcc/arm-none-eabi/4.8.4/../../../../arm-none-eabi/lib/armv6-m/crt0.o (memset)
/usr/local/Cellar/gcc-arm-none-eabi-48/20140805/bin/../lib/gcc/arm-none-eabi/4.8.4/../../../../arm-none-eabi/lib/armv6-m/libnosys.a(_exit.o)
                              /usr/local/Cellar/gcc-arm-none-eabi-48/20140805/bin/../lib/gcc/arm-none-eabi/4.8.4/../../../../arm-none-eabi/lib/armv6-m/libc_s.a(lib_a-exit.o) (_exit)
/usr/local/Cellar/gcc-arm-none-eabi-48/20140805/bin/../lib/gcc/arm-none-eabi/4.8.4/armv6-m/libgcc.a(_udivsi3.o)
                              /var/folders/tf/0xh6w9yj3c95z5s_6pnjq5100000gn/T//ccxmrU3J.ltrans0.ltrans.o (__aeabi_uidiv)
/usr/local/Cellar/gcc-arm-none-eabi-48/20140805/bin/../lib/gcc/arm-none-eabi/4.8.4/armv6-m/libgcc.a(_dvmd_tls.o)
                              /usr/local/Cellar/gcc-arm-none-eabi-48/20140805/bin/../lib/gcc/arm-none-eabi/4.8.4/armv6-m/libgcc.a(_udivsi3.o) (__aeabi_idiv0)

Allocating common symbols
Common symbol       size              file

msTicks             0x4               /var/folders/tf/0xh6w9yj3c95z5s_6pnjq5100000gn/T//cc392Wph.o (symbol from plugin)

Discarded input sections

 .text          0x0000000000000000        0x0 /usr/local/Cellar/gcc-arm-none-eabi-48/20140805/bin/../lib/gcc/arm-none-eabi/4.8.4/armv6-m/crti.o
 .data          0x0000000000000000        0x0 /usr/local/Cellar/gcc-arm-none-eabi-48/20140805/bin/../lib/gcc/arm-none-eabi/4.8.4/armv6-m/crti.o
 .bss           0x0000000000000000        0x0 /usr/local/Cellar/gcc-arm-none-eabi-48/20140805/bin/../lib/gcc/arm-none-eabi/4.8.4/armv6-m/crti.o
 .data          0x0000000000000000        0x4 /usr/local/Cellar/gcc-arm-none-eabi-48/20140805/bin/../lib/gcc/arm-none-eabi/4.8.4/armv6-m/crtbegin.o
 .text          0x0000000000000000       0x78 /usr/local/Cellar/gcc-arm-none-eabi-48/20140805/bin/../lib/gcc/arm-none-eabi/4.8.4/../../../../arm-none-eabi/lib/armv6-m/crt0.o
 .data          0x0000000000000000        0x0 /usr/local/Cellar/gcc-arm-none-eabi-48/20140805/bin/../lib/gcc/arm-none-eabi/4.8.4/../../../../arm-none-eabi/lib/armv6-m/crt0.o
 .bss           0x0000000000000000        0x0 /usr/local/Cellar/gcc-arm-none-eabi-48/20140805/bin/../lib/gcc/arm-none-eabi/4.8.4/../../../../arm-none-eabi/lib/armv6-m/crt0.o
 .ARM.extab     0x0000000000000000        0x0 /usr/local/Cellar/gcc-arm-none-eabi-48/20140805/bin/../lib/gcc/arm-none-eabi/4.8.4/../../../../arm-none-eabi/lib/armv6-m/crt0.o
 .ARM.exidx     0x0000000000000000        0x8 /usr/local/Cellar/gcc-arm-none-eabi-48/20140805/bin/../lib/gcc/arm-none-eabi/4.8.4/../../../../arm-none-eabi/lib/armv6-m/crt0.o
 .ARM.attributes
                0x0000000000000000       0x1b /usr/local/Cellar/gcc-arm-none-eabi-48/20140805/bin/../lib/gcc/arm-none-eabi/4.8.4/../../../../arm-none-eabi/lib/armv6-m/crt0.o
 .text          0x0000000000000000        0x0 /var/folders/tf/0xh6w9yj3c95z5s_6pnjq5100000gn/T//cc392Wph.o (symbol from plugin)
 .text          0x0000000000000000        0x0 /var/folders/tf/0xh6w9yj3c95z5s_6pnjq5100000gn/T//ccxmrU3J.ltrans0.ltrans.o
 .data          0x0000000000000000        0x0 /var/folders/tf/0xh6w9yj3c95z5s_6pnjq5100000gn/T//ccxmrU3J.ltrans0.ltrans.o
 .bss           0x0000000000000000        0x0 /var/folders/tf/0xh6w9yj3c95z5s_6pnjq5100000gn/T//ccxmrU3J.ltrans0.ltrans.o
 .data          0x0000000000000000        0x0 /usr/local/Cellar/gcc-arm-none-eabi-48/20140805/bin/../lib/gcc/arm-none-eabi/4.8.4/armv6-m/libgcc.a(_udivsi3.o)
 .bss           0x0000000000000000        0x0 /usr/local/Cellar/gcc-arm-none-eabi-48/20140805/bin/../lib/gcc/arm-none-eabi/4.8.4/armv6-m/libgcc.a(_udivsi3.o)
 .data          0x0000000000000000        0x0 /usr/local/Cellar/gcc-arm-none-eabi-48/20140805/bin/../lib/gcc/arm-none-eabi/4.8.4/armv6-m/libgcc.a(_dvmd_tls.o)
 .bss           0x0000000000000000        0x0 /usr/local/Cellar/gcc-arm-none-eabi-48/20140805/bin/../lib/gcc/arm-none-eabi/4.8.4/armv6-m/libgcc.a(_dvmd_tls.o)
 .data          0x0000000000000000        0x0 /var/folders/tf/0xh6w9yj3c95z5s_6pnjq5100000gn/T//ccHIQw11.o
 .bss           0x0000000000000000        0x0 /var/folders/tf/0xh6w9yj3c95z5s_6pnjq5100000gn/T//ccHIQw11.o
 .ARM.extab.isr_vector
                0x0000000000000000        0x0 /var/folders/tf/0xh6w9yj3c95z5s_6pnjq5100000gn/T//ccHIQw11.o
 .text          0x0000000000000000        0x0 /var/folders/tf/0xh6w9yj3c95z5s_6pnjq5100000gn/T//ccMkIxoc.o (symbol from plugin)
 .text          0x0000000000000000        0x0 /usr/local/Cellar/gcc-arm-none-eabi-48/20140805/bin/../lib/gcc/arm-none-eabi/4.8.4/../../../../arm-none-eabi/lib/armv6-m/libc_s.a(lib_a-exit.o)
 .data          0x0000000000000000        0x0 /usr/local/Cellar/gcc-arm-none-eabi-48/20140805/bin/../lib/gcc/arm-none-eabi/4.8.4/../../../../arm-none-eabi/lib/armv6-m/libc_s.a(lib_a-exit.o)
 .bss           0x0000000000000000        0x0 /usr/local/Cellar/gcc-arm-none-eabi-48/20140805/bin/../lib/gcc/arm-none-eabi/4.8.4/../../../../arm-none-eabi/lib/armv6-m/libc_s.a(lib_a-exit.o)
 .text.exit     0x0000000000000000       0x2c /usr/local/Cellar/gcc-arm-none-eabi-48/20140805/bin/../lib/gcc/arm-none-eabi/4.8.4/../../../../arm-none-eabi/lib/armv6-m/libc_s.a(lib_a-exit.o)
 .ARM.attributes
                0x0000000000000000       0x2c /usr/local/Cellar/gcc-arm-none-eabi-48/20140805/bin/../lib/gcc/arm-none-eabi/4.8.4/../../../../arm-none-eabi/lib/armv6-m/libc_s.a(lib_a-exit.o)
 .debug_frame   0x0000000000000000       0x28 /usr/local/Cellar/gcc-arm-none-eabi-48/20140805/bin/../lib/gcc/arm-none-eabi/4.8.4/../../../../arm-none-eabi/lib/armv6-m/libc_s.a(lib_a-exit.o)
 .text          0x0000000000000000        0x0 /usr/local/Cellar/gcc-arm-none-eabi-48/20140805/bin/../lib/gcc/arm-none-eabi/4.8.4/../../../../arm-none-eabi/lib/armv6-m/libc_s.a(lib_a-impure.o)
 .data          0x0000000000000000        0x0 /usr/local/Cellar/gcc-arm-none-eabi-48/20140805/bin/../lib/gcc/arm-none-eabi/4.8.4/../../../../arm-none-eabi/lib/armv6-m/libc_s.a(lib_a-impure.o)
 .bss           0x0000000000000000        0x0 /usr/local/Cellar/gcc-arm-none-eabi-48/20140805/bin/../lib/gcc/arm-none-eabi/4.8.4/../../../../arm-none-eabi/lib/armv6-m/libc_s.a(lib_a-impure.o)
 .data.impure_data
                0x0000000000000000       0x60 /usr/local/Cellar/gcc-arm-none-eabi-48/20140805/bin/../lib/gcc/arm-none-eabi/4.8.4/../../../../arm-none-eabi/lib/armv6-m/libc_s.a(lib_a-impure.o)
 .data._impure_ptr
                0x0000000000000000        0x4 /usr/local/Cellar/gcc-arm-none-eabi-48/20140805/bin/../lib/gcc/arm-none-eabi/4.8.4/../../../../arm-none-eabi/lib/armv6-m/libc_s.a(lib_a-impure.o)
 .rodata.str1.1
                0x0000000000000000        0x2 /usr/local/Cellar/gcc-arm-none-eabi-48/20140805/bin/../lib/gcc/arm-none-eabi/4.8.4/../../../../arm-none-eabi/lib/armv6-m/libc_s.a(lib_a-impure.o)
 .rodata._global_impure_ptr
                0x0000000000000000        0x4 /usr/local/Cellar/gcc-arm-none-eabi-48/20140805/bin/../lib/gcc/arm-none-eabi/4.8.4/../../../../arm-none-eabi/lib/armv6-m/libc_s.a(lib_a-impure.o)
 .ARM.attributes
                0x0000000000000000       0x2c /usr/local/Cellar/gcc-arm-none-eabi-48/20140805/bin/../lib/gcc/arm-none-eabi/4.8.4/../../../../arm-none-eabi/lib/armv6-m/libc_s.a(lib_a-impure.o)
 .text          0x0000000000000000        0x0 /usr/local/Cellar/gcc-arm-none-eabi-48/20140805/bin/../lib/gcc/arm-none-eabi/4.8.4/../../../../arm-none-eabi/lib/armv6-m/libc_s.a(lib_a-init.o)
 .data          0x0000000000000000        0x0 /usr/local/Cellar/gcc-arm-none-eabi-48/20140805/bin/../lib/gcc/arm-none-eabi/4.8.4/../../../../arm-none-eabi/lib/armv6-m/libc_s.a(lib_a-init.o)
 .bss           0x0000000000000000        0x0 /usr/local/Cellar/gcc-arm-none-eabi-48/20140805/bin/../lib/gcc/arm-none-eabi/4.8.4/../../../../arm-none-eabi/lib/armv6-m/libc_s.a(lib_a-init.o)
 .text.__libc_init_array
                0x0000000000000000       0x4c /usr/local/Cellar/gcc-arm-none-eabi-48/20140805/bin/../lib/gcc/arm-none-eabi/4.8.4/../../../../arm-none-eabi/lib/armv6-m/libc_s.a(lib_a-init.o)
 .ARM.attributes
                0x0000000000000000       0x2c /usr/local/Cellar/gcc-arm-none-eabi-48/20140805/bin/../lib/gcc/arm-none-eabi/4.8.4/../../../../arm-none-eabi/lib/armv6-m/libc_s.a(lib_a-init.o)
 .debug_frame   0x0000000000000000       0x2c /usr/local/Cellar/gcc-arm-none-eabi-48/20140805/bin/../lib/gcc/arm-none-eabi/4.8.4/../../../../arm-none-eabi/lib/armv6-m/libc_s.a(lib_a-init.o)
 .text          0x0000000000000000        0x0 /usr/local/Cellar/gcc-arm-none-eabi-48/20140805/bin/../lib/gcc/arm-none-eabi/4.8.4/../../../../arm-none-eabi/lib/armv6-m/libc_s.a(lib_a-memset.o)
 .data          0x0000000000000000        0x0 /usr/local/Cellar/gcc-arm-none-eabi-48/20140805/bin/../lib/gcc/arm-none-eabi/4.8.4/../../../../arm-none-eabi/lib/armv6-m/libc_s.a(lib_a-memset.o)
 .bss           0x0000000000000000        0x0 /usr/local/Cellar/gcc-arm-none-eabi-48/20140805/bin/../lib/gcc/arm-none-eabi/4.8.4/../../../../arm-none-eabi/lib/armv6-m/libc_s.a(lib_a-memset.o)
 .text.memset   0x0000000000000000       0x10 /usr/local/Cellar/gcc-arm-none-eabi-48/20140805/bin/../lib/gcc/arm-none-eabi/4.8.4/../../../../arm-none-eabi/lib/armv6-m/libc_s.a(lib_a-memset.o)
 .ARM.attributes
                0x0000000000000000       0x2c /usr/local/Cellar/gcc-arm-none-eabi-48/20140805/bin/../lib/gcc/arm-none-eabi/4.8.4/../../../../arm-none-eabi/lib/armv6-m/libc_s.a(lib_a-memset.o)
 .debug_frame   0x0000000000000000       0x20 /usr/local/Cellar/gcc-arm-none-eabi-48/20140805/bin/../lib/gcc/arm-none-eabi/4.8.4/../../../../arm-none-eabi/lib/armv6-m/libc_s.a(lib_a-memset.o)
 .text          0x0000000000000000        0x0 /usr/local/Cellar/gcc-arm-none-eabi-48/20140805/bin/../lib/gcc/arm-none-eabi/4.8.4/../../../../arm-none-eabi/lib/armv6-m/libnosys.a(_exit.o)
 .data          0x0000000000000000        0x0 /usr/local/Cellar/gcc-arm-none-eabi-48/20140805/bin/../lib/gcc/arm-none-eabi/4.8.4/../../../../arm-none-eabi/lib/armv6-m/libnosys.a(_exit.o)
 .bss           0x0000000000000000        0x0 /usr/local/Cellar/gcc-arm-none-eabi-48/20140805/bin/../lib/gcc/arm-none-eabi/4.8.4/../../../../arm-none-eabi/lib/armv6-m/libnosys.a(_exit.o)
 .text._exit    0x0000000000000000        0x4 /usr/local/Cellar/gcc-arm-none-eabi-48/20140805/bin/../lib/gcc/arm-none-eabi/4.8.4/../../../../arm-none-eabi/lib/armv6-m/libnosys.a(_exit.o)
 .ARM.attributes
                0x0000000000000000       0x2c /usr/local/Cellar/gcc-arm-none-eabi-48/20140805/bin/../lib/gcc/arm-none-eabi/4.8.4/../../../../arm-none-eabi/lib/armv6-m/libnosys.a(_exit.o)
 .debug_frame   0x0000000000000000       0x20 /usr/local/Cellar/gcc-arm-none-eabi-48/20140805/bin/../lib/gcc/arm-none-eabi/4.8.4/../../../../arm-none-eabi/lib/armv6-m/libnosys.a(_exit.o)
 .text          0x0000000000000000        0x0 /usr/local/Cellar/gcc-arm-none-eabi-48/20140805/bin/../lib/gcc/arm-none-eabi/4.8.4/armv6-m/crtend.o
 .data          0x0000000000000000        0x0 /usr/local/Cellar/gcc-arm-none-eabi-48/20140805/bin/../lib/gcc/arm-none-eabi/4.8.4/armv6-m/crtend.o
 .bss           0x0000000000000000        0x0 /usr/local/Cellar/gcc-arm-none-eabi-48/20140805/bin/../lib/gcc/arm-none-eabi/4.8.4/armv6-m/crtend.o
 .text          0x0000000000000000        0x0 /usr/local/Cellar/gcc-arm-none-eabi-48/20140805/bin/../lib/gcc/arm-none-eabi/4.8.4/armv6-m/crtn.o
 .data          0x0000000000000000        0x0 /usr/local/Cellar/gcc-arm-none-eabi-48/20140805/bin/../lib/gcc/arm-none-eabi/4.8.4/armv6-m/crtn.o
 .bss           0x0000000000000000        0x0 /usr/local/Cellar/gcc-arm-none-eabi-48/20140805/bin/../lib/gcc/arm-none-eabi/4.8.4/armv6-m/crtn.o

Memory Configuration

Name             Origin             Length             Attributes
FLASH            0x0000000000000000 0x0000000000008000 xr
RAM              0x0000000010000100 0x0000000000001f00 xrw
*default*        0x0000000000000000 0xffffffffffffffff

Linker script and memory map

LOAD /usr/local/Cellar/gcc-arm-none-eabi-48/20140805/bin/../lib/gcc/arm-none-eabi/4.8.4/armv6-m/crti.o
LOAD /usr/local/Cellar/gcc-arm-none-eabi-48/20140805/bin/../lib/gcc/arm-none-eabi/4.8.4/armv6-m/crtbegin.o
LOAD /usr/local/Cellar/gcc-arm-none-eabi-48/20140805/bin/../lib/gcc/arm-none-eabi/4.8.4/../../../../arm-none-eabi/lib/armv6-m/crt0.o
LOAD /var/folders/tf/0xh6w9yj3c95z5s_6pnjq5100000gn/T//cc392Wph.o
LOAD /var/folders/tf/0xh6w9yj3c95z5s_6pnjq5100000gn/T//ccxmrU3J.ltrans0.ltrans.o
LOAD /usr/local/Cellar/gcc-arm-none-eabi-48/20140805/bin/../lib/gcc/arm-none-eabi/4.8.4/armv6-m/libgcc.a
LOAD /usr/local/Cellar/gcc-arm-none-eabi-48/20140805/bin/../lib/gcc/arm-none-eabi/4.8.4/../../../../arm-none-eabi/lib/armv6-m/libc_s.a
LOAD /usr/local/Cellar/gcc-arm-none-eabi-48/20140805/bin/../lib/gcc/arm-none-eabi/4.8.4/armv6-m/libgcc.a
LOAD /usr/local/Cellar/gcc-arm-none-eabi-48/20140805/bin/../lib/gcc/arm-none-eabi/4.8.4/../../../../arm-none-eabi/lib/armv6-m/libc_s.a
LOAD /usr/local/Cellar/gcc-arm-none-eabi-48/20140805/bin/../lib/gcc/arm-none-eabi/4.8.4/../../../../arm-none-eabi/lib/armv6-m/libnosys.a
LOAD /usr/local/Cellar/gcc-arm-none-eabi-48/20140805/bin/../lib/gcc/arm-none-eabi/4.8.4/armv6-m/libgcc.a
LOAD /usr/local/Cellar/gcc-arm-none-eabi-48/20140805/bin/../lib/gcc/arm-none-eabi/4.8.4/../../../../arm-none-eabi/lib/armv6-m/libc_s.a
LOAD /usr/local/Cellar/gcc-arm-none-eabi-48/20140805/bin/../lib/gcc/arm-none-eabi/4.8.4/../../../../arm-none-eabi/lib/armv6-m/libnosys.a
LOAD /var/folders/tf/0xh6w9yj3c95z5s_6pnjq5100000gn/T//ccHIQw11.o
LOAD /var/folders/tf/0xh6w9yj3c95z5s_6pnjq5100000gn/T//ccMkIxoc.o
START GROUP
LOAD /usr/local/Cellar/gcc-arm-none-eabi-48/20140805/bin/../lib/gcc/arm-none-eabi/4.8.4/armv6-m/libgcc.a
LOAD /usr/local/Cellar/gcc-arm-none-eabi-48/20140805/bin/../lib/gcc/arm-none-eabi/4.8.4/../../../../arm-none-eabi/lib/armv6-m/libc_s.a
END GROUP
START GROUP
LOAD /usr/local/Cellar/gcc-arm-none-eabi-48/20140805/bin/../lib/gcc/arm-none-eabi/4.8.4/armv6-m/libgcc.a
LOAD /usr/local/Cellar/gcc-arm-none-eabi-48/20140805/bin/../lib/gcc/arm-none-eabi/4.8.4/../../../../arm-none-eabi/lib/armv6-m/libc_s.a
LOAD /usr/local/Cellar/gcc-arm-none-eabi-48/20140805/bin/../lib/gcc/arm-none-eabi/4.8.4/../../../../arm-none-eabi/lib/armv6-m/libnosys.a
END GROUP
START GROUP
LOAD /usr/local/Cellar/gcc-arm-none-eabi-48/20140805/bin/../lib/gcc/arm-none-eabi/4.8.4/armv6-m/libgcc.a
LOAD /usr/local/Cellar/gcc-arm-none-eabi-48/20140805/bin/../lib/gcc/arm-none-eabi/4.8.4/../../../../arm-none-eabi/lib/armv6-m/libc_s.a
LOAD /usr/local/Cellar/gcc-arm-none-eabi-48/20140805/bin/../lib/gcc/arm-none-eabi/4.8.4/../../../../arm-none-eabi/lib/armv6-m/libnosys.a
END GROUP
LOAD /usr/local/Cellar/gcc-arm-none-eabi-48/20140805/bin/../lib/gcc/arm-none-eabi/4.8.4/armv6-m/crtend.o
LOAD /usr/local/Cellar/gcc-arm-none-eabi-48/20140805/bin/../lib/gcc/arm-none-eabi/4.8.4/armv6-m/crtn.o

.text           0x0000000000000000      0x328
 *(.isr_vector)
 .isr_vector    0x0000000000000000       0xd0 /var/folders/tf/0xh6w9yj3c95z5s_6pnjq5100000gn/T//ccHIQw11.o
                0x0000000000000000                __isr_vector
                0x00000000000000c0                Reset_Handler
 *(.text*)
 .text          0x00000000000000d0       0x60 /usr/local/Cellar/gcc-arm-none-eabi-48/20140805/bin/../lib/gcc/arm-none-eabi/4.8.4/armv6-m/crtbegin.o
 .text.SystemInit
                0x0000000000000130       0x90 /var/folders/tf/0xh6w9yj3c95z5s_6pnjq5100000gn/T//ccxmrU3J.ltrans0.ltrans.o
                0x0000000000000130                SystemInit
 .text.startup.main
                0x00000000000001c0       0x90 /var/folders/tf/0xh6w9yj3c95z5s_6pnjq5100000gn/T//ccxmrU3J.ltrans0.ltrans.o
                0x00000000000001c0                main
 .text.SysTick_Handler
                0x0000000000000250       0x10 /var/folders/tf/0xh6w9yj3c95z5s_6pnjq5100000gn/T//ccxmrU3J.ltrans0.ltrans.o
                0x0000000000000250                SysTick_Handler
 .text          0x0000000000000260       0x9c /usr/local/Cellar/gcc-arm-none-eabi-48/20140805/bin/../lib/gcc/arm-none-eabi/4.8.4/armv6-m/libgcc.a(_udivsi3.o)
                0x0000000000000260                __udivsi3
                0x0000000000000260                __aeabi_uidiv
                0x00000000000002e8                __aeabi_uidivmod
 .text          0x00000000000002fc        0x4 /usr/local/Cellar/gcc-arm-none-eabi-48/20140805/bin/../lib/gcc/arm-none-eabi/4.8.4/armv6-m/libgcc.a(_dvmd_tls.o)
                0x00000000000002fc                __aeabi_ldiv0
                0x00000000000002fc                __aeabi_idiv0
 .text          0x0000000000000300        0xc /var/folders/tf/0xh6w9yj3c95z5s_6pnjq5100000gn/T//ccHIQw11.o
                0x0000000000000300                NMI_Handler
                0x0000000000000302                HardFault_Handler
                0x0000000000000304                SVC_Handler
                0x0000000000000306                PendSV_Handler
                0x000000000000030a                PIOINT1_IRQHandler
                0x000000000000030a                SSP0_IRQHandler
                0x000000000000030a                TIMER16_1_IRQHandler
                0x000000000000030a                Default_Handler
                0x000000000000030a                ADC_IRQHandler
                0x000000000000030a                SSP1_IRQHandler
                0x000000000000030a                PIOINT2_IRQHandler
                0x000000000000030a                BOD_IRQHandler
                0x000000000000030a                WAKEUP_IRQHandler
                0x000000000000030a                PIOINT0_IRQHandler
                0x000000000000030a                I2C_IRQHandler
                0x000000000000030a                WDT_IRQHandler
                0x000000000000030a                TIMER16_0_IRQHandler
                0x000000000000030a                PIOINT3_IRQHandler
                0x000000000000030a                UART_IRQHandler
                0x000000000000030a                TIMER32_0_IRQHandler
                0x000000000000030a                TIMER32_1_IRQHandler
 *(.init)
 .init          0x000000000000030c        0x4 /usr/local/Cellar/gcc-arm-none-eabi-48/20140805/bin/../lib/gcc/arm-none-eabi/4.8.4/armv6-m/crti.o
                0x000000000000030c                _init
 .init          0x0000000000000310        0x8 /usr/local/Cellar/gcc-arm-none-eabi-48/20140805/bin/../lib/gcc/arm-none-eabi/4.8.4/armv6-m/crtn.o
 *(.fini)
 .fini          0x0000000000000318        0x4 /usr/local/Cellar/gcc-arm-none-eabi-48/20140805/bin/../lib/gcc/arm-none-eabi/4.8.4/armv6-m/crti.o
                0x0000000000000318                _fini
 .fini          0x000000000000031c        0x8 /usr/local/Cellar/gcc-arm-none-eabi-48/20140805/bin/../lib/gcc/arm-none-eabi/4.8.4/armv6-m/crtn.o
 *crtbegin.o(.ctors)
 *crtbegin?.o(.ctors)
 *(EXCLUDE_FILE(*crtend.o *crtend?.o) .ctors)
 *(SORT(.ctors.*))
 *(.ctors)
 *crtbegin.o(.dtors)
 *crtbegin?.o(.dtors)
 *(EXCLUDE_FILE(*crtend.o *crtend?.o) .dtors)
 *(SORT(.dtors.*))
 *(.dtors)
 *(.rodata*)
 *(.eh_frame*)
 .eh_frame      0x0000000000000324        0x0 /usr/local/Cellar/gcc-arm-none-eabi-48/20140805/bin/../lib/gcc/arm-none-eabi/4.8.4/armv6-m/crtbegin.o
 .eh_frame      0x0000000000000324        0x4 /usr/local/Cellar/gcc-arm-none-eabi-48/20140805/bin/../lib/gcc/arm-none-eabi/4.8.4/armv6-m/crtend.o

.glue_7         0x0000000000000328        0x0
 .glue_7        0x0000000000000000        0x0 linker stubs

.glue_7t        0x0000000000000328        0x0
 .glue_7t       0x0000000000000000        0x0 linker stubs

.vfp11_veneer   0x0000000000000328        0x0
 .vfp11_veneer  0x0000000000000000        0x0 linker stubs

.v4_bx          0x0000000000000328        0x0
 .v4_bx         0x0000000000000000        0x0 linker stubs

.iplt           0x0000000000000328        0x0
 .iplt          0x0000000000000000        0x0 /usr/local/Cellar/gcc-arm-none-eabi-48/20140805/bin/../lib/gcc/arm-none-eabi/4.8.4/armv6-m/crtbegin.o

.ARM.extab
 *(.ARM.extab* .gnu.linkonce.armextab.*)
                0x0000000000000328                __exidx_start = .

.ARM.exidx      0x0000000000000328        0x8
 *(.ARM.exidx* .gnu.linkonce.armexidx.*)
 .ARM.exidx.isr_vector
                0x0000000000000328        0x8 /var/folders/tf/0xh6w9yj3c95z5s_6pnjq5100000gn/T//ccHIQw11.o
                0x0000000000000330                __exidx_end = .
                0x0000000000000330                __etext = .

.rel.dyn        0x0000000000000330        0x0
 .rel.iplt      0x0000000000000000        0x0 /usr/local/Cellar/gcc-arm-none-eabi-48/20140805/bin/../lib/gcc/arm-none-eabi/4.8.4/armv6-m/crtbegin.o

.data           0x0000000010000100       0x10 load address 0x0000000000000330
                0x0000000010000100                __data_start__ = .
 *(vtable)
 *(.data*)
 .data.SystemCoreClock
                0x0000000010000100        0x4 /var/folders/tf/0xh6w9yj3c95z5s_6pnjq5100000gn/T//ccxmrU3J.ltrans0.ltrans.o
                0x0000000010000104                . = ALIGN (0x4)
                0x0000000010000104                PROVIDE (__preinit_array_start, .)
 *(.preinit_array)
                0x0000000010000104                PROVIDE (__preinit_array_end, .)
                0x0000000010000104                . = ALIGN (0x4)
                0x0000000010000104                PROVIDE (__init_array_start, .)
 *(SORT(.init_array.*))
 *(.init_array)
 .init_array    0x0000000010000104        0x4 /usr/local/Cellar/gcc-arm-none-eabi-48/20140805/bin/../lib/gcc/arm-none-eabi/4.8.4/armv6-m/crtbegin.o
                0x0000000010000108                PROVIDE (__init_array_end, .)
                0x0000000010000108                . = ALIGN (0x4)
                0x0000000010000108                PROVIDE (__fini_array_start, .)
 *(SORT(.fini_array.*))
 *(.fini_array)
 .fini_array    0x0000000010000108        0x4 /usr/local/Cellar/gcc-arm-none-eabi-48/20140805/bin/../lib/gcc/arm-none-eabi/4.8.4/armv6-m/crtbegin.o
                0x000000001000010c                PROVIDE (__fini_array_end, .)
 *(.jcr*)
 .jcr           0x000000001000010c        0x0 /usr/local/Cellar/gcc-arm-none-eabi-48/20140805/bin/../lib/gcc/arm-none-eabi/4.8.4/armv6-m/crtbegin.o
 .jcr           0x000000001000010c        0x4 /usr/local/Cellar/gcc-arm-none-eabi-48/20140805/bin/../lib/gcc/arm-none-eabi/4.8.4/armv6-m/crtend.o
                0x0000000010000110                . = ALIGN (0x4)
                0x0000000010000110                __data_end__ = .

.igot.plt       0x0000000010000110        0x0 load address 0x0000000000000340
 .igot.plt      0x0000000000000000        0x0 /usr/local/Cellar/gcc-arm-none-eabi-48/20140805/bin/../lib/gcc/arm-none-eabi/4.8.4/armv6-m/crtbegin.o

.bss            0x0000000010000110       0x20 load address 0x0000000000000340
                0x0000000010000110                . = ALIGN (0x4)
                0x0000000010000110                __bss_start__ = .
 *(.bss*)
 .bss           0x0000000010000110       0x1c /usr/local/Cellar/gcc-arm-none-eabi-48/20140805/bin/../lib/gcc/arm-none-eabi/4.8.4/armv6-m/crtbegin.o
 .bss.msTicks.4046
                0x000000001000012c        0x4 /var/folders/tf/0xh6w9yj3c95z5s_6pnjq5100000gn/T//ccxmrU3J.ltrans0.ltrans.o
 *(COMMON)
                0x0000000010000130                . = ALIGN (0x4)
                0x0000000010000130                __bss_end__ = .

.heap           0x0000000010000130     0x1000
                0x0000000010000130                __end__ = .
                0x0000000010000130                PROVIDE (end, .)
 *(.heap*)
 .heap          0x0000000010000130     0x1000 /var/folders/tf/0xh6w9yj3c95z5s_6pnjq5100000gn/T//ccHIQw11.o
                0x0000000010000130                __HeapBase
                0x0000000010001130                __HeapLimit = .

.stack_dummy    0x0000000010000130      0x200
 *(.stack*)
 .stack         0x0000000010000130      0x200 /var/folders/tf/0xh6w9yj3c95z5s_6pnjq5100000gn/T//ccHIQw11.o
                0x0000000010002000                __StackTop = (ORIGIN (RAM) + 0x1f00)
                0x0000000010001e00                __StackLimit = (__StackTop - SIZEOF (.stack_dummy))
                0x0000000010002000                PROVIDE (__stack, __StackTop)
                0x0000000000000001                ASSERT ((__StackLimit >= __HeapLimit), region RAM overflowed with stack)
OUTPUT(blink-CM0.axf elf32-littlearm)

.ARM.attributes
                0x0000000000000000       0x28
 .ARM.attributes
                0x0000000000000000       0x1e /usr/local/Cellar/gcc-arm-none-eabi-48/20140805/bin/../lib/gcc/arm-none-eabi/4.8.4/armv6-m/crti.o
 .ARM.attributes
                0x000000000000001e       0x2c /usr/local/Cellar/gcc-arm-none-eabi-48/20140805/bin/../lib/gcc/arm-none-eabi/4.8.4/armv6-m/crtbegin.o
 .ARM.attributes
                0x000000000000004a       0x2f /var/folders/tf/0xh6w9yj3c95z5s_6pnjq5100000gn/T//ccxmrU3J.ltrans0.ltrans.o
 .ARM.attributes
                0x0000000000000079       0x1e /usr/local/Cellar/gcc-arm-none-eabi-48/20140805/bin/../lib/gcc/arm-none-eabi/4.8.4/armv6-m/libgcc.a(_udivsi3.o)
 .ARM.attributes
                0x0000000000000097       0x1e /usr/local/Cellar/gcc-arm-none-eabi-48/20140805/bin/../lib/gcc/arm-none-eabi/4.8.4/armv6-m/libgcc.a(_dvmd_tls.o)
 .ARM.attributes
                0x00000000000000b5       0x21 /var/folders/tf/0xh6w9yj3c95z5s_6pnjq5100000gn/T//ccHIQw11.o
 .ARM.attributes
                0x00000000000000d6       0x2c /usr/local/Cellar/gcc-arm-none-eabi-48/20140805/bin/../lib/gcc/arm-none-eabi/4.8.4/armv6-m/crtend.o
 .ARM.attributes
                0x0000000000000102       0x1e /usr/local/Cellar/gcc-arm-none-eabi-48/20140805/bin/../lib/gcc/arm-none-eabi/4.8.4/armv6-m/crtn.o

.comment        0x0000000000000000       0x70
 .comment       0x0000000000000000       0x70 /var/folders/tf/0xh6w9yj3c95z5s_6pnjq5100000gn/T//ccxmrU3J.ltrans0.ltrans.o
                                         0x71 (size before relaxing)

.debug_frame    0x0000000000000000       0x20
 .debug_frame   0x0000000000000000       0x20 /usr/local/Cellar/gcc-arm-none-eabi-48/20140805/bin/../lib/gcc/arm-none-eabi/4.8.4/armv6-m/libgcc.a(_udivsi3.o)
